Microchip MPLAB XC8 Compiler V1.36 ()

Linker command line:

--edf=C:\Program Files (x86)\Microchip\xc8\v1.36\dat\en_msgs.txt -cs \
  -h+dist/default/production\usbex1027.X.production.sym \
  --cmf=dist/default/production\usbex1027.X.production.cmf -z -Q18F2550 \
  -oC:\Users\Ivan\AppData\Local\Temp\s1ns.2 \
  -Mdist/default/production/usbex1027.X.production.map -E1 -ver=XC8 \
  -ASTACK=0150h-03ffh -pstack=STACK -ACODE=01000h-07FFFh \
  -ACONST=01000h-07FFFh -ASMALLCONST=01000h-010FFhx112 \
  -AMEDIUMCONST=01000h-07FFFh -ACOMRAM=01h-05Fh -AABS1=00h-07FFh \
  -ABIGRAM=01h-07FFh -ARAM=060h-0FFh,0100h-01FFhx7 -ABANK0=060h-0FFh \
  -ABANK1=0100h-01FFh -ABANK2=0200h-02FFh -ABANK3=0300h-03FFh \
  -ABANK4=0400h-04FFh -ABANK5=0500h-05FFh -ABANK6=0600h-06FFh \
  -ABANK7=0700h-07FFh -ASFR=0F60h-0FFFh \
  -preset_vec=01000h,intcode=01008h,intcodelo=01018h,powerup,init,end_init \
  -pramtop=0800h -psmallconst=SMALLCONST -pmediumconst=MEDIUMCONST \
  -pconst=CONST -AFARRAM=00h-00h -ACONFIG=0300000h-030000Dh -pconfig=CONFIG \
  -AIDLOC=0200000h-0200007h -pidloc=IDLOC -AEEDATA=0F00000h-0F000FFh \
  -peeprom_data=EEDATA \
  -prdata=COMRAM,nvrram=COMRAM,nvbit=COMRAM,rbss=COMRAM,rbit=COMRAM \
  -pfarbss=FARRAM,fardata=FARRAM,nvFARRAM=FARRAM \
  -pintsave_regs=BIGRAM,bigbss=BIGRAM,bigdata=BIGRAM -pbss=RAM \
  -pidata=CODE,irdata=CODE,ibigdata=CODE,ifardata=CODE -prparam=COMRAM \
  C:\Users\Ivan\AppData\Local\Temp\s1ns.obj \
  dist/default/production\usbex1027.X.production.obj 

Object code version is 3.11

Machine type is 18F2550

Call graph: (short form)




                Name                               Link     Load   Length Selector   Space Scale
C:\Users\Ivan\AppData\Local\Temp\s1ns.obj
                end_init                           10A6     10A6        4      80C       0
                reset_vec                          1000     1000        4      800       0
dist/default/production\usbex1027.X.production.obj
                intcodelo                          1018     1018       8E      80C       0
                intcode                            1008     1008        E      804       0
                temp                                 54       54        1        1       1
                smallconst                         1100     1100       CC      880       0
                text44                             21C8     21C8       D4      8E6       0
                text43                             24FE     24FE       C2      8E6       0
                text42                             243A     243A       C4      8E6       0
                text41                             1C26     1C26      118      8E6       0
                text40                             2AF2     2AF2       5C      8E6       0
                text39                             2876     2876       94      8E6       0
                text38                             2B90     2B90       3C      8E6       0
                text37                             267A     267A       BA      8E6       0
                text36                             2A8A     2A8A       68      8E6       0
                text35                             2E26     2E26       22      8E6       0
                text34                             2E04     2E04       22      8E6       0
                text33                             2DE2     2DE2       22      8E6       0
                text32                             2998     2998       80      8E6       0
                text31                             229C     229C       D0      8E6       0
                text30                             2A18     2A18       72      8E6       0
                text29                             11CC     11CC      284      8E6       0
                text28                             1888     1888      13C      8E6       0
                text27                             25C0     25C0       BA      8E6       0
                text26                             2CFA     2CFA       2C      8E6       0
                text25                             200E     200E       E2      8E6       0
                text24                             1E32     1E32       F2      8E6       0
                text23                             27D8     27D8       9E      8E6       0
                text22                             1D3E     1D3E       F4      8E6       0
                text21                             290A     290A       8E      8E6       0
                text20                             236C     236C       CE      8E6       0
                text19                             2B4E     2B4E       42      8E6       0
                text18                             2D26     2D26       28      8E6       0
                text17                             2CCC     2CCC       2E      8E6       0
                text16                             19C4     19C4      136      8E6       0
                text15                             1AFA     1AFA      12C      8E6       0
                text14                             2D9A     2D9A       26      8E6       0
                intcode_body                       2734     2734       A4      8E6       0
                text11                             20F0     20F0       D8      8E6       0
                text10                             1450     1450      188      8E6       0
                text9                              1F24     1F24       EA      8E6       0
                text8                              2D74     2D74       26      8E6       0
                text7                              15D8     15D8      15C      8E6       0
                text6                              2D4E     2D4E       26      8E6       0
                text5                              2DC0     2DC0       22      8E6       0
                text4                              2C9C     2C9C       30      8E6       0
                text3                              2C04     2C04       34      8E6       0
                text2                              1734     1734      154      8E6       0
                text1                              2BCC     2BCC       38      8E6       0
                text0                              2C6A     2C6A       32      8E6       0
                cstackCOMRAM                          1        1       2C        1       1
                cstackBANK0                          E3       E3       11       60       1
                cstackBANK1                         140      140       10      100       1
                bssBANK1                            100      100       40      100       1
                bssBANK0                             60       60       83       60       1
                bssCOMRAM                            2D       2D       27        1       1
                cinit                              2C38     2C38       32      8E6       0

TOTAL           Name                               Link     Load   Length     Space
        CLASS   STACK          

        CLASS   CODE           
                end_init                           10A6     10A6        4         0
                intcodelo                          1018     1018       8E         0
                intcode                            1008     1008        E         0
                reset_vec                          1000     1000        4         0
                text44                             21C8     21C8       D4         0
                text43                             24FE     24FE       C2         0
                text42                             243A     243A       C4         0
                text41                             1C26     1C26      118         0
                text40                             2AF2     2AF2       5C         0
                text39                             2876     2876       94         0
                text38                             2B90     2B90       3C         0
                text37                             267A     267A       BA         0
                text36                             2A8A     2A8A       68         0
                text35                             2E26     2E26       22         0
                text34                             2E04     2E04       22         0
                text33                             2DE2     2DE2       22         0
                text32                             2998     2998       80         0
                text31                             229C     229C       D0         0
                text30                             2A18     2A18       72         0
                text29                             11CC     11CC      284         0
                text28                             1888     1888      13C         0
                text27                             25C0     25C0       BA         0
                text26                             2CFA     2CFA       2C         0
                text25                             200E     200E       E2         0
                text24                             1E32     1E32       F2         0
                text23                             27D8     27D8       9E         0
                text22                             1D3E     1D3E       F4         0
                text21                             290A     290A       8E         0
                text20                             236C     236C       CE         0
                text19                             2B4E     2B4E       42         0
                text18                             2D26     2D26       28         0
                text17                             2CCC     2CCC       2E         0
                text16                             19C4     19C4      136         0
                text15                             1AFA     1AFA      12C         0
                text14                             2D9A     2D9A       26         0
                intcode_body                       2734     2734       A4         0
                text11                             20F0     20F0       D8         0
                text10                             1450     1450      188         0
                text9                              1F24     1F24       EA         0
                text8                              2D74     2D74       26         0
                text7                              15D8     15D8      15C         0
                text6                              2D4E     2D4E       26         0
                text5                              2DC0     2DC0       22         0
                text4                              2C9C     2C9C       30         0
                text3                              2C04     2C04       34         0
                text2                              1734     1734      154         0
                text1                              2BCC     2BCC       38         0
                text0                              2C6A     2C6A       32         0
                cinit                              2C38     2C38       32         0

        CLASS   CONST          

        CLASS   SMALLCONST     
                smallconst                         1100     1100       CC         0

        CLASS   MEDIUMCONST    

        CLASS   COMRAM         
                temp                                 54       54        1         1
                cstackCOMRAM                          1        1       2C         1
                bssCOMRAM                            2D       2D       27         1

        CLASS   ABS1           
                abs_s1                              400      400       40         1
                abs_s1                              500      500       80         1

        CLASS   BIGRAM         

        CLASS   RAM            

        CLASS   BANK0          
                cstackBANK0                          E3       E3       11         1
                bssBANK0                             60       60       83         1

        CLASS   BANK1          
                cstackBANK1                         140      140       10         1
                bssBANK1                            100      100       40         1

        CLASS   BANK2          

        CLASS   BANK3          

        CLASS   BANK4          

        CLASS   BANK5          

        CLASS   BANK6          

        CLASS   BANK7          

        CLASS   SFR            

        CLASS   FARRAM         

        CLASS   CONFIG         

        CLASS   IDLOC          

        CLASS   EEDATA         



SEGMENTS        Name                           Load    Length   Top    Selector   Space  Class

                cstackCOMRAM                   000001  000054  000055         1       1  COMRAM  
                bssBANK0                       000060  000094  0000F4        60       1  BANK0   
                bssBANK1                       000100  000050  000150       100       1  BANK1   
                reset_vec                      001000  000004  001004       800       0  CODE    
                intcode                        001008  00000E  001016       804       0  CODE    
                intcodelo                      001018  000092  0010AA       80C       0  CODE    
                smallconst                     001100  0000CC  0011CC       880       0  SMALLCON
                text29                         0011CC  001C7C  002E48       8E6       0  CODE    


UNUSED ADDRESS RANGES

        Name                Unused          Largest block    Delta
        BANK0            00F4-00FF              C
        BANK1            0150-01FF             B0
        BANK2            0200-02FF            100
        BANK3            0300-03FF            100
        BANK4            0440-04FF             C0
        BANK5            0580-05FF             80
        BANK6            0600-06FF            100
        BANK7            0700-07FF            100
        BIGRAM           0055-005F              B
                         00F4-00FF              C
                         0150-03FF            2B0
                         0440-04FF             C0
                         0580-07FF            280
        CODE             1004-1007              4
                         1016-1017              2
                         10AA-10FF             56
                         2E48-7FFF           51B8
        COMRAM           0055-005F              B
        CONFIG           300000-30000D              E
        CONST            1004-1007              4
                         1016-1017              2
                         10AA-10FF             56
                         2E48-7FFF           51B8
        EEDATA           F00000-F000FF            100
        FARRAM           0000-0000              1
        IDLOC            200000-200007              8
        MEDIUMCONST      1004-1007              4
                         1016-1017              2
                         10AA-10FF             56
                         2E48-7FFF           51B8
        RAM              00F4-00FF              C
                         0150-03FF            100
                         0440-04FF             C0
                         0580-07FF            100
        SFR              0F60-0FFF             A0
        SMALLCONST       1004-1007              4
                         1016-1017              2
                         10AA-10FF             56
                         2E48-7FFF            100
        STACK            0150-03FF            2B0

                                  Symbol Table

?_USBTransferOnePacket                     cstackBANK1  0140
?i2_USBTransferOnePacket                   cstackCOMRAM 0001
APP_DeviceCDCBasicDemoTasks@i              cstackBANK1  014F
APP_DeviceCDCBasicDemoTasks@numBytesRead   cstackBANK1  014E
APP_LEDUpdateUSBStatus@ledCount            bssCOMRAM    0031
CDCTxService@byte_to_send                  cstackBANK1  014B
CDCTxService@i                             cstackBANK1  014A
LED_Enable@led                             cstackBANK1  0140
LED_Off@led                                cstackCOMRAM 0001
LED_On@led                                 cstackCOMRAM 0001
SYSTEM_Initialize@state                    cstackBANK1  0141
USBConfigureEndpoint@EPNum                 cstackCOMRAM 0006
USBConfigureEndpoint@direction             cstackCOMRAM 0001
USBConfigureEndpoint@handle                cstackCOMRAM 0007
USBCtrlEPService@setup_cnt                 cstackCOMRAM 001D
USBCtrlTrfInHandler@lastDTS                cstackCOMRAM 0002
USBCtrlTrfRxService@byteToRead             cstackCOMRAM 0002
USBCtrlTrfRxService@i                      cstackCOMRAM 0001
USBCtrlTrfTxService@byteToSend             cstackCOMRAM 0001
USBDeviceInit@i                            cstackBANK1  0148
USBDeviceTasks@i                           cstackCOMRAM 001E
USBEnableEndpoint@ep                       cstackCOMRAM 000C
USBEnableEndpoint@options                  cstackCOMRAM 0009
USBEnableEndpoint@p                        cstackCOMRAM 000A
USBStdFeatureReqHandler@current_ep_data    cstackCOMRAM 0018
USBStdFeatureReqHandler@p                  cstackCOMRAM 0019
USBStdFeatureReqHandler@pUEP               cstackCOMRAM 0016
USBStdGetStatusHandler@p                   cstackCOMRAM 0002
USBStdSetCfgHandler@i                      cstackCOMRAM 0015
USBTransferOnePacket@data                  cstackBANK1  0141
USBTransferOnePacket@dir                   cstackBANK1  0140
USBTransferOnePacket@ep                    cstackBANK1  0144
USBTransferOnePacket@handle                cstackBANK1  0145
USBTransferOnePacket@len                   cstackBANK1  0143
USER_USB_CALLBACK_EVENT_HANDLER@event      cstackCOMRAM 000D
USER_USB_CALLBACK_EVENT_HANDLER@pdata      cstackCOMRAM 000F
USER_USB_CALLBACK_EVENT_HANDLER@size       cstackCOMRAM 0011
_ADCON0                                    (abs)        0FC2
_ADCON0bits                                (abs)        0FC2
_ADCON1                                    (abs)        0FC1
_ADCON2                                    (abs)        0FC0
_ADRESH                                    (abs)        0FC4
_ADRESL                                    (abs)        0FC3
_APP_DeviceCDCBasicDemoInitialize          text35       2E26
_APP_DeviceCDCBasicDemoTasks               text7        15D8
_APP_LEDUpdateUSBStatus                    text32       2998
_BDT                                       (abs)        0400
_BaudRateGen                               bssCOMRAM    002D
_BothEP0OutUOWNsSet                        bssCOMRAM    0039
_CDCDataInHandle                           bssBANK0     0090
_CDCDataOutHandle                          bssBANK0     0092
_CDCInitEP                                 text36       2A8A
_CDCTxService                              text10       1450
_CDCTxService$2561                         cstackBANK1  0148
_CMCON                                     (abs)        0FB4
_CtrlTrfData                               (abs)        0438
_INTCON                                    (abs)        0FF2
_INTCONbits                                (abs)        0FF2
_IPR2bits                                  (abs)        0FA2
_LATBbits                                  (abs)        0F8A
_LED_Enable                                text6        2D4E
_LED_Off                                   text34       2E04
_LED_On                                    text33       2DE2
_PIE1bits                                  (abs)        0F9D
_PIE2bits                                  (abs)        0FA0
_PIR1bits                                  (abs)        0F9E
_PIR2bits                                  (abs)        0FA1
_PORTA                                     (abs)        0F80
_PORTB                                     (abs)        0F81
_PORTBbits                                 (abs)        0F81
_RCONbits                                  (abs)        0FD0
_RemoteWakeup                              bssCOMRAM    003A
_SYSTEM_Initialize                         text5        2DC0
_SYS_InterruptHigh                         intcode      1008
_SetupPkt                                  (abs)        0430
_T0CON                                     (abs)        0FD5
_T0CONbits                                 (abs)        0FD5
_TMR0H                                     (abs)        0FD7
_TMR0L                                     (abs)        0FD6
_TRISA                                     (abs)        0F92
_TRISB                                     (abs)        0F93
_TRISBbits                                 (abs)        0F93
_UADDR                                     (abs)        0F6E
_UCFG                                      (abs)        0F6F
_UCON                                      (abs)        0F6D
_UCONbits                                  (abs)        0F6D
_UEIE                                      (abs)        0F6B
_UEIR                                      (abs)        0F6A
_UEP0                                      (abs)        0F70
_UEP0bits                                  (abs)        0F70
_UEP1                                      (abs)        0F71
_UIE                                       (abs)        0F69
_UIEbits                                   (abs)        0F69
_UIR                                       (abs)        0F68
_UIRbits                                   (abs)        0F68
_USBActiveConfiguration                    bssCOMRAM    0052
_USBAlternateInterface                     bssCOMRAM    0050
_USBBusIsSuspended                         bssCOMRAM    003B
_USBCheckCDCRequest                        text31       229C
_USBCheckStdRequest                        text24       1E32
_USBConfigureEndpoint                      text39       2876
_USBCtrlEPAllowDataStage                   text23       27D8
_USBCtrlEPAllowStatusStage                 text42       243A
_USBCtrlEPService                          text20       236C
_USBCtrlEPServiceComplete                  text22       1D3E
_USBCtrlTrfInHandler                       text43       24FE
_USBCtrlTrfOutHandler                      text40       2AF2
_USBCtrlTrfRxService                       text41       1C26
_USBCtrlTrfSetupHandler                    text21       290A
_USBCtrlTrfTxService                       text44       21C8
_USBDeferINDataStagePackets                bssCOMRAM    003C
_USBDeferOUTDataStagePackets               bssCOMRAM    003D
_USBDeferStatusStagePacket                 bssCOMRAM    003E
_USBDeviceAttach                           text4        2C9C
_USBDeviceInit                             text2        1734
_USBDeviceState                            bssCOMRAM    003F
_USBDeviceTasks                            text15       1AFA
_USBEnableEndpoint                         text38       2B90
_USBStallHandler                           text19       2B4E
_USBStatusStageEnabledFlag1                bssCOMRAM    0040
_USBStatusStageEnabledFlag2                bssCOMRAM    0041
_USBStatusStageTimeoutCounter              bssCOMRAM    0042
_USBStdFeatureReqHandler                   text29       11CC
_USBStdGetDscHandler                       text28       1888
_USBStdGetStatusHandler                    text27       25C0
_USBStdSetCfgHandler                       text25       200E
_USBSuspend                                text18       2D26
_USBTransferOnePacket                      text11       20F0
_USBWakeFromSuspend                        text17       2CCC
_USB_CD_Ptr                                smallconst   1107
_USB_SD_Ptr                                smallconst   1101
_USER_USB_CALLBACK_EVENT_HANDLER           text30       2A18
_USTAT                                     (abs)        0F6C
_USTATcopy                                 bssCOMRAM    0053
_UserInit                                  text1        2BCC
__HRAM                                     (abs)        0000
__Habs1                                    abs1         0000
__Hbank0                                   bank0        0000
__Hbank1                                   bank1        0000
__Hbank2                                   bank2        0000
__Hbank3                                   bank3        0000
__Hbank4                                   bank4        0000
__Hbank5                                   bank5        0000
__Hbank6                                   bank6        0000
__Hbank7                                   bank7        0000
__Hbigbss                                  bigbss       0000
__Hbigdata                                 bigdata      0000
__Hbigram                                  bigram       0000
__Hbss                                     bss          0000
__HbssBANK0                                bssBANK0     0000
__HbssBANK1                                bssBANK1     0000
__HbssCOMRAM                               bssCOMRAM    0000
__Hcinit                                   cinit        0000
__Hclrtext                                 clrtext      0000
__Hcomram                                  comram       0000
__Hconfig                                  config       0000
__Hconst                                   const        0000
__HcstackBANK0                             cstackBANK0  0000
__HcstackBANK1                             cstackBANK1  0000
__HcstackCOMRAM                            cstackCOMRAM 0000
__Hdata                                    data         0000
__Heeprom_data                             eeprom_data  0000
__Hend_init                                end_init     10AA
__Hfarbss                                  farbss       0000
__Hfardata                                 fardata      0000
__Hibigdata                                ibigdata     0000
__Hidata                                   idata        0000
__Hidloc                                   idloc        0000
__Hifardata                                ifardata     0000
__Hinit                                    init         10A6
__Hintcode                                 intcode      1016
__Hintcode_body                            intcode_body 0000
__Hintcodelo                               intcodelo    10A6
__Hintentry                                intentry     0000
__Hintret                                  intret       0000
__Hintsave_regs                            intsave_regs 0000
__Hirdata                                  irdata       0000
__Hmediumconst                             mediumconst  0000
__HnvFARRAM                                nvFARRAM     0000
__Hnvbit                                   nvbit        0000
__Hnvrram                                  nvrram       0000
__Hparam                                   rparam       0000
__Hpowerup                                 powerup      10A6
__Hram                                     ram          0000
__Hramtop                                  ramtop       0800
__Hrbit                                    rbit         0000
__Hrbss                                    rbss         0000
__Hrdata                                   rdata        0000
__Hreset_vec                               reset_vec    1004
__Hrparam                                  rparam       0000
__Hsfr                                     sfr          0000
__Hsmallconst                              smallconst   11CC
__Hspace_0                                 (abs)        2E48
__Hspace_1                                 (abs)        0150
__Hspace_2                                 (abs)        0000
__Hstack                                   stack        0000
__Hstruct                                  struct       0000
__Htemp                                    temp         0055
__Htext                                    text         0000
__Htext0                                   text0        0000
__Htext1                                   text1        0000
__Htext10                                  text10       0000
__Htext11                                  text11       0000
__Htext14                                  text14       0000
__Htext15                                  text15       0000
__Htext16                                  text16       0000
__Htext17                                  text17       0000
__Htext18                                  text18       0000
__Htext19                                  text19       0000
__Htext2                                   text2        0000
__Htext20                                  text20       0000
__Htext21                                  text21       0000
__Htext22                                  text22       0000
__Htext23                                  text23       0000
__Htext24                                  text24       0000
__Htext25                                  text25       0000
__Htext26                                  text26       0000
__Htext27                                  text27       0000
__Htext28                                  text28       0000
__Htext29                                  text29       0000
__Htext3                                   text3        0000
__Htext30                                  text30       0000
__Htext31                                  text31       0000
__Htext32                                  text32       0000
__Htext33                                  text33       0000
__Htext34                                  text34       0000
__Htext35                                  text35       0000
__Htext36                                  text36       0000
__Htext37                                  text37       0000
__Htext38                                  text38       0000
__Htext39                                  text39       0000
__Htext4                                   text4        0000
__Htext40                                  text40       0000
__Htext41                                  text41       0000
__Htext42                                  text42       0000
__Htext43                                  text43       0000
__Htext44                                  text44       0000
__Htext5                                   text5        0000
__Htext6                                   text6        0000
__Htext7                                   text7        0000
__Htext8                                   text8        0000
__Htext9                                   text9        0000
__LRAM                                     (abs)        0001
__Labs1                                    abs1         0000
__Lbank0                                   bank0        0000
__Lbank1                                   bank1        0000
__Lbank2                                   bank2        0000
__Lbank3                                   bank3        0000
__Lbank4                                   bank4        0000
__Lbank5                                   bank5        0000
__Lbank6                                   bank6        0000
__Lbank7                                   bank7        0000
__Lbigbss                                  bigbss       0000
__Lbigdata                                 bigdata      0000
__Lbigram                                  bigram       0000
__Lbss                                     bss          0000
__LbssBANK0                                bssBANK0     0000
__LbssBANK1                                bssBANK1     0000
__LbssCOMRAM                               bssCOMRAM    0000
__Lcinit                                   cinit        0000
__Lclrtext                                 clrtext      0000
__Lcomram                                  comram       0000
__Lconfig                                  config       0000
__Lconst                                   const        0000
__LcstackBANK0                             cstackBANK0  0000
__LcstackBANK1                             cstackBANK1  0000
__LcstackCOMRAM                            cstackCOMRAM 0000
__Ldata                                    data         0000
__Leeprom_data                             eeprom_data  0000
__Lend_init                                end_init     10A6
__Lfarbss                                  farbss       0000
__Lfardata                                 fardata      0000
__Libigdata                                ibigdata     0000
__Lidata                                   idata        0000
__Lidloc                                   idloc        0000
__Lifardata                                ifardata     0000
__Linit                                    init         10A6
__Lintcode                                 intcode      1008
__Lintcode_body                            intcode_body 0000
__Lintcodelo                               intcodelo    1018
__Lintentry                                intentry     0000
__Lintret                                  intret       0000
__Lintsave_regs                            intsave_regs 0000
__Lirdata                                  irdata       0000
__Lmediumconst                             mediumconst  0000
__LnvFARRAM                                nvFARRAM     0000
__Lnvbit                                   nvbit        0000
__Lnvrram                                  nvrram       0000
__Lparam                                   rparam       0000
__Lpowerup                                 powerup      10A6
__Lram                                     ram          0000
__Lramtop                                  ramtop       0800
__Lrbit                                    rbit         0000
__Lrbss                                    rbss         0000
__Lrdata                                   rdata        0000
__Lreset_vec                               reset_vec    1000
__Lrparam                                  rparam       0000
__Lsfr                                     sfr          0000
__Lsmallconst                              smallconst   1100
__Lspace_0                                 (abs)        0000
__Lspace_1                                 (abs)        0000
__Lspace_2                                 (abs)        0000
__Lstack                                   stack        0000
__Lstruct                                  struct       0000
__Ltemp                                    temp         0054
__Ltext                                    text         0000
__Ltext0                                   text0        0000
__Ltext1                                   text1        0000
__Ltext10                                  text10       0000
__Ltext11                                  text11       0000
__Ltext14                                  text14       0000
__Ltext15                                  text15       0000
__Ltext16                                  text16       0000
__Ltext17                                  text17       0000
__Ltext18                                  text18       0000
__Ltext19                                  text19       0000
__Ltext2                                   text2        0000
__Ltext20                                  text20       0000
__Ltext21                                  text21       0000
__Ltext22                                  text22       0000
__Ltext23                                  text23       0000
__Ltext24                                  text24       0000
__Ltext25                                  text25       0000
__Ltext26                                  text26       0000
__Ltext27                                  text27       0000
__Ltext28                                  text28       0000
__Ltext29                                  text29       0000
__Ltext3                                   text3        0000
__Ltext30                                  text30       0000
__Ltext31                                  text31       0000
__Ltext32                                  text32       0000
__Ltext33                                  text33       0000
__Ltext34                                  text34       0000
__Ltext35                                  text35       0000
__Ltext36                                  text36       0000
__Ltext37                                  text37       0000
__Ltext38                                  text38       0000
__Ltext39                                  text39       0000
__Ltext4                                   text4        0000
__Ltext40                                  text40       0000
__Ltext41                                  text41       0000
__Ltext42                                  text42       0000
__Ltext43                                  text43       0000
__Ltext44                                  text44       0000
__Ltext5                                   text5        0000
__Ltext6                                   text6        0000
__Ltext7                                   text7        0000
__Ltext8                                   text8        0000
__Ltext9                                   text9        0000
__S0                                       (abs)        2E48
__S1                                       (abs)        0150
__S2                                       (abs)        0000
___inthi_sp                                stack        0000
___intlo_sp                                stack        0000
___param_bank                              (abs)        0010
___rparam_used                             (abs)        0001
___sp                                      stack        0000
__accesstop                                (abs)        0060
__activetblptr                             (abs)        0002
__end_of_APP_DeviceCDCBasicDemoInitialize  text35       2E48
__end_of_APP_DeviceCDCBasicDemoTasks       text7        1734
__end_of_APP_LEDUpdateUSBStatus            text32       2A18
__end_of_CDCInitEP                         text36       2AF2
__end_of_CDCTxService                      text10       15D8
__end_of_LED_Enable                        text6        2D74
__end_of_LED_Off                           text34       2E26
__end_of_LED_On                            text33       2E04
__end_of_SYSTEM_Initialize                 text5        2DE2
__end_of_SYS_InterruptHigh                 intcode_body 27D8
__end_of_USBCheckCDCRequest                text31       236C
__end_of_USBCheckStdRequest                text24       1F24
__end_of_USBConfigureEndpoint              text39       290A
__end_of_USBCtrlEPAllowDataStage           text23       2876
__end_of_USBCtrlEPAllowStatusStage         text42       24FE
__end_of_USBCtrlEPService                  text20       243A
__end_of_USBCtrlEPServiceComplete          text22       1E32
__end_of_USBCtrlTrfInHandler               text43       25C0
__end_of_USBCtrlTrfOutHandler              text40       2B4E
__end_of_USBCtrlTrfRxService               text41       1D3E
__end_of_USBCtrlTrfSetupHandler            text21       2998
__end_of_USBCtrlTrfTxService               text44       229C
__end_of_USBDeviceAttach                   text4        2CCC
__end_of_USBDeviceInit                     text2        1888
__end_of_USBDeviceTasks                    text15       1C26
__end_of_USBEnableEndpoint                 text38       2BCC
__end_of_USBStallHandler                   text19       2B90
__end_of_USBStdFeatureReqHandler           text29       1450
__end_of_USBStdGetDscHandler               text28       19C4
__end_of_USBStdGetStatusHandler            text27       267A
__end_of_USBStdSetCfgHandler               text25       20F0
__end_of_USBSuspend                        text18       2D4E
__end_of_USBTransferOnePacket              text11       21C8
__end_of_USBWakeFromSuspend                text17       2CFA
__end_of_USB_CD_Ptr                        smallconst   1109
__end_of_USB_SD_Ptr                        smallconst   1107
__end_of_USER_USB_CALLBACK_EVENT_HANDLER   text30       2A8A
__end_of_UserInit                          text1        2C04
__end_of__initialization                   cinit        2C5C
__end_of_configDescriptor1                 smallconst   114C
__end_of_device_dsc                        smallconst   11C6
__end_of_getsUSBUSART                      text9        200E
__end_of_low_isr                           intcodelo    10A6
__end_of_main                              text0        2C9C
__end_of_memset                            text3        2C38
__end_of_putUSBUSART                       text8        2D9A
__end_of_sd000                             smallconst   11CA
__end_of_sd001                             smallconst   1180
__end_of_sd002                             smallconst   11B4
__end_ofi2_USBDeviceInit                   text16       1AFA
__end_ofi2_USBTransferOnePacket            text37       2734
__end_ofi2_memset                          text26       2D26
__end_ofi2_putUSBUSART                     text14       2DC0
__initialization                           cinit        2C38
__mediumconst                              mediumconst  0000
__pbssBANK0                                bssBANK0     0060
__pbssBANK1                                bssBANK1     0100
__pbssCOMRAM                               bssCOMRAM    002D
__pcinit                                   cinit        2C38
__pcstackBANK0                             cstackBANK0  00E3
__pcstackBANK1                             cstackBANK1  0140
__pcstackCOMRAM                            cstackCOMRAM 0001
__pintcode                                 intcode      1008
__pintcode_body                            intcode_body 2734
__pintcodelo                               intcodelo    1018
__psmallconst                              smallconst   1100
__ptext0                                   text0        2C6A
__ptext1                                   text1        2BCC
__ptext10                                  text10       1450
__ptext11                                  text11       20F0
__ptext14                                  text14       2D9A
__ptext15                                  text15       1AFA
__ptext16                                  text16       19C4
__ptext17                                  text17       2CCC
__ptext18                                  text18       2D26
__ptext19                                  text19       2B4E
__ptext2                                   text2        1734
__ptext20                                  text20       236C
__ptext21                                  text21       290A
__ptext22                                  text22       1D3E
__ptext23                                  text23       27D8
__ptext24                                  text24       1E32
__ptext25                                  text25       200E
__ptext26                                  text26       2CFA
__ptext27                                  text27       25C0
__ptext28                                  text28       1888
__ptext29                                  text29       11CC
__ptext3                                   text3        2C04
__ptext30                                  text30       2A18
__ptext31                                  text31       229C
__ptext32                                  text32       2998
__ptext33                                  text33       2DE2
__ptext34                                  text34       2E04
__ptext35                                  text35       2E26
__ptext36                                  text36       2A8A
__ptext37                                  text37       267A
__ptext38                                  text38       2B90
__ptext39                                  text39       2876
__ptext4                                   text4        2C9C
__ptext40                                  text40       2AF2
__ptext41                                  text41       1C26
__ptext42                                  text42       243A
__ptext43                                  text43       24FE
__ptext44                                  text44       21C8
__ptext5                                   text5        2DC0
__ptext6                                   text6        2D4E
__ptext7                                   text7        15D8
__ptext8                                   text8        2D74
__ptext9                                   text9        1F24
__ramtop                                   ramtop       0800
__size_of_APP_DeviceCDCBasicDemoInitialize (abs)        0000
__size_of_APP_DeviceCDCBasicDemoTasks      (abs)        0000
__size_of_APP_LEDUpdateUSBStatus           (abs)        0000
__size_of_CDCInitEP                        (abs)        0000
__size_of_CDCTxService                     (abs)        0000
__size_of_LED_Enable                       (abs)        0000
__size_of_LED_Off                          (abs)        0000
__size_of_LED_On                           (abs)        0000
__size_of_SYSTEM_Initialize                (abs)        0000
__size_of_SYS_InterruptHigh                (abs)        0000
__size_of_USBCheckCDCRequest               (abs)        0000
__size_of_USBCheckStdRequest               (abs)        0000
__size_of_USBConfigureEndpoint             (abs)        0000
__size_of_USBCtrlEPAllowDataStage          (abs)        0000
__size_of_USBCtrlEPAllowStatusStage        (abs)        0000
__size_of_USBCtrlEPService                 (abs)        0000
__size_of_USBCtrlEPServiceComplete         (abs)        0000
__size_of_USBCtrlTrfInHandler              (abs)        0000
__size_of_USBCtrlTrfOutHandler             (abs)        0000
__size_of_USBCtrlTrfRxService              (abs)        0000
__size_of_USBCtrlTrfSetupHandler           (abs)        0000
__size_of_USBCtrlTrfTxService              (abs)        0000
__size_of_USBDeviceAttach                  (abs)        0000
__size_of_USBDeviceInit                    (abs)        0000
__size_of_USBDeviceTasks                   (abs)        0000
__size_of_USBEnableEndpoint                (abs)        0000
__size_of_USBStallHandler                  (abs)        0000
__size_of_USBStdFeatureReqHandler          (abs)        0000
__size_of_USBStdGetDscHandler              (abs)        0000
__size_of_USBStdGetStatusHandler           (abs)        0000
__size_of_USBStdSetCfgHandler              (abs)        0000
__size_of_USBSuspend                       (abs)        0000
__size_of_USBTransferOnePacket             (abs)        0000
__size_of_USBWakeFromSuspend               (abs)        0000
__size_of_USER_USB_CALLBACK_EVENT_HANDLER  (abs)        0000
__size_of_UserInit                         (abs)        0000
__size_of_getsUSBUSART                     (abs)        0000
__size_of_low_isr                          (abs)        0000
__size_of_main                             (abs)        0000
__size_of_memset                           (abs)        0000
__size_of_putUSBUSART                      (abs)        0000
__size_ofi2_USBDeviceInit                  (abs)        0000
__size_ofi2_USBTransferOnePacket           (abs)        0000
__size_ofi2_memset                         (abs)        0000
__size_ofi2_putUSBUSART                    (abs)        0000
__smallconst                               smallconst   1100
_ad                                        bssBANK0     00E0
_cdc_data_rx                               (abs)        0540
_cdc_data_tx                               (abs)        0500
_cdc_mem_type                              bssBANK0     0094
_cdc_notice                                bssBANK0     0060
_cdc_rx_len                                bssBANK0     0095
_cdc_trf_state                             bssBANK0     0096
_cdc_tx_len                                bssBANK0     0097
_configDescriptor1                         smallconst   1109
_controlTransferState                      bssCOMRAM    0043
_control_signal_bitmap                     bssCOMRAM    0044
_device_dsc                                smallconst   11B4
_dummy_encapsulated_cmd_response           bssBANK0     00D8
_endpoint_number                           bssCOMRAM    0045
_ep_data_in                                bssBANK0     0084
_ep_data_out                               bssBANK0     0087
_getsUSBUSART                              text9        1F24
_getsUSBUSART$2513                         cstackBANK1  014B
_inPipes                                   bssBANK0     0072
_line_coding                               bssCOMRAM    0049
_low_isr                                   intcodelo    1018
_main                                      text0        2C6A
_memset                                    text3        2C04
_outPipes                                  bssBANK0     006A
_pBDTEntryEP0OutCurrent                    bssCOMRAM    0033
_pBDTEntryEP0OutNext                       bssCOMRAM    0035
_pBDTEntryIn                               bssBANK0     0078
_pBDTEntryOut                              bssBANK0     007E
_pCDCDst                                   bssBANK0     008A
_pCDCSrc                                   bssBANK0     008D
_pDst                                      bssCOMRAM    0037
_putUSBUSART                               text8        2D74
_readBuffer                                bssBANK1     0100
_sd000                                     smallconst   11C6
_sd001                                     smallconst   114C
_sd002                                     smallconst   1180
_shortPacketStatus                         bssCOMRAM    0046
_timerHigh                                 bssCOMRAM    0047
_timerLow                                  bssCOMRAM    0048
_writeBuffer                               bssBANK0     0098
btemp                                      temp         0054
end_of_initialization                      cinit        2C5C
getsUSBUSART@buffer                        cstackBANK1  0147
getsUSBUSART@len                           cstackBANK1  0149
i2USBDeviceInit@i                          cstackCOMRAM 0009
i2USBTransferOnePacket@data                cstackCOMRAM 0002
i2USBTransferOnePacket@dir                 cstackCOMRAM 0001
i2USBTransferOnePacket@ep                  cstackCOMRAM 0005
i2USBTransferOnePacket@handle              cstackCOMRAM 0006
i2USBTransferOnePacket@len                 cstackCOMRAM 0004
i2_USBDeviceInit                           text16       19C4
i2_USBTransferOnePacket                    text37       267A
i2_memset                                  text26       2CFA
i2_putUSBUSART                             text14       2D9A
i2memset@c                                 cstackCOMRAM 0003
i2memset@n                                 cstackCOMRAM 0005
i2memset@p                                 cstackCOMRAM 0007
i2memset@p1                                cstackCOMRAM 0001
i2putUSBUSART@data                         cstackCOMRAM 0001
i2putUSBUSART@length                       cstackCOMRAM 0003
int$flags                                  temp         0054
int_func                                   intcode_body 2734
intlevel0                                  text         0000
intlevel1                                  text         0000
intlevel2                                  text         0000
intlevel3                                  text         0000
memset@c                                   cstackBANK1  0142
memset@n                                   cstackBANK1  0144
memset@p                                   cstackBANK1  0146
memset@p1                                  cstackBANK1  0140
putUSBUSART@data                           cstackBANK1  0140
putUSBUSART@length                         cstackBANK1  0142
stackhi                                    (abs)        03FF
stacklo                                    (abs)        0150
start                                      init         10A6
start_initialization                       cinit        2C38


FUNCTION INFORMATION:

 *************** function _main *****************
 Defined at:
		line 26 in file "main.c"
 Parameters:    Size  Location     Type
		None
 Auto vars:     Size  Location     Type
		None
 Return value:  Size  Location     Type
                  1    wreg      void 
 Registers used:
		wreg, fsr1l, fsr1h, fsr2l, fsr2h, status,2, status,0, prodl, prodh, cstack
 Tracked objects:
		On entry : 
		On exit  : 
		Unchanged: 
 Data sizes:     COMRAM   BANK0   BANK1   BANK2   BANK3   BANK4   BANK5   BANK6   BANK7
      Params:         0       0       0       0       0       0       0       0       0
      Locals:         0       0       0       0       0       0       0       0       0
      Temps:          0       0       0       0       0       0       0       0       0
      Totals:         0       0       0       0       0       0       0       0       0
Total ram usage:        0 bytes
 Hardware stack levels required when called:   15
 This function calls:
		_APP_DeviceCDCBasicDemoTasks
		_SYSTEM_Initialize
		_USBDeviceAttach
		_USBDeviceInit
		_UserInit
 This function is called by:
		Startup code after reset
 This function uses a non-reentrant model


 *************** function _UserInit *****************
 Defined at:
		line 48 in file "main.c"
 Parameters:    Size  Location     Type
		None
 Auto vars:     Size  Location     Type
		None
 Return value:  Size  Location     Type
                  1    wreg      void 
 Registers used:
		wreg, status,2
 Tracked objects:
		On entry : 
		On exit  : 
		Unchanged: 
 Data sizes:     COMRAM   BANK0   BANK1   BANK2   BANK3   BANK4   BANK5   BANK6   BANK7
      Params:         0       0       0       0       0       0       0       0       0
      Locals:         0       0       0       0       0       0       0       0       0
      Temps:          0       0       0       0       0       0       0       0       0
      Totals:         0       0       0       0       0       0       0       0       0
Total ram usage:        0 bytes
 Hardware stack levels used:    1
 Hardware stack levels required when called:   12
 This function calls:
		Nothing
 This function is called by:
		_main
 This function uses a non-reentrant model


 *************** function _USBDeviceInit *****************
 Defined at:
		line 298 in file "usb_device.c"
 Parameters:    Size  Location     Type
		None
 Auto vars:     Size  Location     Type
  i               1    8[BANK1 ] unsigned char 
 Return value:  Size  Location     Type
                  1    wreg      void 
 Registers used:
		wreg, fsr2l, fsr2h, status,2, status,0, prodl, prodh, cstack
 Tracked objects:
		On entry : 
		On exit  : 
		Unchanged: 
 Data sizes:     COMRAM   BANK0   BANK1   BANK2   BANK3   BANK4   BANK5   BANK6   BANK7
      Params:         0       0       0       0       0       0       0       0       0
      Locals:         0       0       1       0       0       0       0       0       0
      Temps:          0       0       0       0       0       0       0       0       0
      Totals:         0       0       1       0       0       0       0       0       0
Total ram usage:        1 bytes
 Hardware stack levels used:    1
 Hardware stack levels required when called:   13
 This function calls:
		_memset
 This function is called by:
		_main
 This function uses a non-reentrant model


 *************** function _memset *****************
 Defined at:
		line 8 in file "C:\Program Files (x86)\Microchip\xc8\v1.36\sources\common\memset.c"
 Parameters:    Size  Location     Type
  p1              2    0[BANK1 ] PTR void 
		 -> USBAlternateInterface(2), BDT(48), UEP1(1), 
  c               2    2[BANK1 ] int 
  n               2    4[BANK1 ] unsigned int 
 Auto vars:     Size  Location     Type
  p               2    6[BANK1 ] PTR unsigned char 
		 -> USBAlternateInterface(2), BDT(48), UEP1(1), 
 Return value:  Size  Location     Type
                  2    0[BANK1 ] PTR void 
 Registers used:
		wreg, fsr2l, fsr2h, status,2, status,0
 Tracked objects:
		On entry : 
		On exit  : 
		Unchanged: 
 Data sizes:     COMRAM   BANK0   BANK1   BANK2   BANK3   BANK4   BANK5   BANK6   BANK7
      Params:         0       0       6       0       0       0       0       0       0
      Locals:         0       0       2       0       0       0       0       0       0
      Temps:          0       0       0       0       0       0       0       0       0
      Totals:         0       0       8       0       0       0       0       0       0
Total ram usage:        8 bytes
 Hardware stack levels used:    1
 Hardware stack levels required when called:   12
 This function calls:
		Nothing
 This function is called by:
		_USBDeviceInit
 This function uses a non-reentrant model


 *************** function _USBDeviceAttach *****************
 Defined at:
		line 1352 in file "usb_device.c"
 Parameters:    Size  Location     Type
		None
 Auto vars:     Size  Location     Type
		None
 Return value:  Size  Location     Type
                  1    wreg      void 
 Registers used:
		wreg, status,2
 Tracked objects:
		On entry : 
		On exit  : 
		Unchanged: 
 Data sizes:     COMRAM   BANK0   BANK1   BANK2   BANK3   BANK4   BANK5   BANK6   BANK7
      Params:         0       0       0       0       0       0       0       0       0
      Locals:         0       0       0       0       0       0       0       0       0
      Temps:          0       0       0       0       0       0       0       0       0
      Totals:         0       0       0       0       0       0       0       0       0
Total ram usage:        0 bytes
 Hardware stack levels used:    1
 Hardware stack levels required when called:   12
 This function calls:
		Nothing
 This function is called by:
		_main
 This function uses a non-reentrant model


 *************** function _SYSTEM_Initialize *****************
 Defined at:
		line 60 in file "system.c"
 Parameters:    Size  Location     Type
  state           1    wreg     enum E3764
 Auto vars:     Size  Location     Type
  state           1    1[BANK1 ] enum E3764
 Return value:  Size  Location     Type
                  1    wreg      void 
 Registers used:
		wreg, status,2, status,0, cstack
 Tracked objects:
		On entry : 
		On exit  : 
		Unchanged: 
 Data sizes:     COMRAM   BANK0   BANK1   BANK2   BANK3   BANK4   BANK5   BANK6   BANK7
      Params:         0       0       0       0       0       0       0       0       0
      Locals:         0       0       1       0       0       0       0       0       0
      Temps:          0       0       0       0       0       0       0       0       0
      Totals:         0       0       1       0       0       0       0       0       0
Total ram usage:        1 bytes
 Hardware stack levels used:    1
 Hardware stack levels required when called:   13
 This function calls:
		_LED_Enable
 This function is called by:
		_main
 This function uses a non-reentrant model


 *************** function _LED_Enable *****************
 Defined at:
		line 257 in file "leds.c"
 Parameters:    Size  Location     Type
  led             1    wreg     enum E2
 Auto vars:     Size  Location     Type
  led             1    0[BANK1 ] enum E2
 Return value:  Size  Location     Type
                  1    wreg      void 
 Registers used:
		wreg, status,2, status,0
 Tracked objects:
		On entry : 
		On exit  : 
		Unchanged: 
 Data sizes:     COMRAM   BANK0   BANK1   BANK2   BANK3   BANK4   BANK5   BANK6   BANK7
      Params:         0       0       0       0       0       0       0       0       0
      Locals:         0       0       1       0       0       0       0       0       0
      Temps:          0       0       0       0       0       0       0       0       0
      Totals:         0       0       1       0       0       0       0       0       0
Total ram usage:        1 bytes
 Hardware stack levels used:    1
 Hardware stack levels required when called:   12
 This function calls:
		Nothing
 This function is called by:
		_SYSTEM_Initialize
 This function uses a non-reentrant model


 *************** function _APP_DeviceCDCBasicDemoTasks *****************
 Defined at:
		line 108 in file "main.c"
 Parameters:    Size  Location     Type
		None
 Auto vars:     Size  Location     Type
  i               1   15[BANK1 ] unsigned char 
  numBytesRead    1   14[BANK1 ] unsigned char 
 Return value:  Size  Location     Type
                  1    wreg      void 
 Registers used:
		wreg, fsr1l, fsr1h, fsr2l, fsr2h, status,2, status,0, prodl, prodh, cstack
 Tracked objects:
		On entry : 
		On exit  : 
		Unchanged: 
 Data sizes:     COMRAM   BANK0   BANK1   BANK2   BANK3   BANK4   BANK5   BANK6   BANK7
      Params:         0       0       0       0       0       0       0       0       0
      Locals:         0       0       2       0       0       0       0       0       0
      Temps:          0       0       1       0       0       0       0       0       0
      Totals:         0       0       3       0       0       0       0       0       0
Total ram usage:        3 bytes
 Hardware stack levels used:    1
 Hardware stack levels required when called:   14
 This function calls:
		_CDCTxService
		_getsUSBUSART
		_putUSBUSART
 This function is called by:
		_main
 This function uses a non-reentrant model


 *************** function _putUSBUSART *****************
 Defined at:
		line 512 in file "usb_device_cdc.c"
 Parameters:    Size  Location     Type
  data            2    0[BANK1 ] PTR unsigned char 
		 -> writeBuffer(64), ad(3), 
  length          1    2[BANK1 ] unsigned char 
 Auto vars:     Size  Location     Type
		None
 Return value:  Size  Location     Type
                  1    wreg      void 
 Registers used:
		wreg, status,2, status,0
 Tracked objects:
		On entry : 
		On exit  : 
		Unchanged: 
 Data sizes:     COMRAM   BANK0   BANK1   BANK2   BANK3   BANK4   BANK5   BANK6   BANK7
      Params:         0       0       3       0       0       0       0       0       0
      Locals:         0       0       0       0       0       0       0       0       0
      Temps:          0       0       0       0       0       0       0       0       0
      Totals:         0       0       3       0       0       0       0       0       0
Total ram usage:        3 bytes
 Hardware stack levels used:    1
 Hardware stack levels required when called:   12
 This function calls:
		Nothing
 This function is called by:
		_APP_DeviceCDCBasicDemoTasks
 This function uses a non-reentrant model


 *************** function _getsUSBUSART *****************
 Defined at:
		line 441 in file "usb_device_cdc.c"
 Parameters:    Size  Location     Type
  buffer          2    7[BANK1 ] PTR unsigned char 
		 -> readBuffer(64), 
  len             1    9[BANK1 ] unsigned char 
 Auto vars:     Size  Location     Type
		None
 Return value:  Size  Location     Type
                  1    wreg      unsigned char 
 Registers used:
		wreg, fsr1l, fsr1h, fsr2l, fsr2h, status,2, status,0, prodl, prodh, cstack
 Tracked objects:
		On entry : 
		On exit  : 
		Unchanged: 
 Data sizes:     COMRAM   BANK0   BANK1   BANK2   BANK3   BANK4   BANK5   BANK6   BANK7
      Params:         0       0       3       0       0       0       0       0       0
      Locals:         0       0       2       0       0       0       0       0       0
      Temps:          0       0       1       0       0       0       0       0       0
      Totals:         0       0       6       0       0       0       0       0       0
Total ram usage:        6 bytes
 Hardware stack levels used:    1
 Hardware stack levels required when called:   13
 This function calls:
		_USBTransferOnePacket
 This function is called by:
		_APP_DeviceCDCBasicDemoTasks
 This function uses a non-reentrant model


 *************** function _CDCTxService *****************
 Defined at:
		line 792 in file "usb_device_cdc.c"
 Parameters:    Size  Location     Type
		None
 Auto vars:     Size  Location     Type
  byte_to_send    1   11[BANK1 ] unsigned char 
  i               1   10[BANK1 ] unsigned char 
 Return value:  Size  Location     Type
                  1    wreg      void 
 Registers used:
		wreg, fsr1l, fsr1h, fsr2l, fsr2h, status,2, status,0, prodl, prodh, cstack
 Tracked objects:
		On entry : 
		On exit  : 
		Unchanged: 
 Data sizes:     COMRAM   BANK0   BANK1   BANK2   BANK3   BANK4   BANK5   BANK6   BANK7
      Params:         0       0       0       0       0       0       0       0       0
      Locals:         0       0       4       0       0       0       0       0       0
      Temps:          0       0       1       0       0       0       0       0       0
      Totals:         0       0       5       0       0       0       0       0       0
Total ram usage:        5 bytes
 Hardware stack levels used:    1
 Hardware stack levels required when called:   13
 This function calls:
		_USBTransferOnePacket
 This function is called by:
		_APP_DeviceCDCBasicDemoTasks
 This function uses a non-reentrant model


 *************** function _USBTransferOnePacket *****************
 Defined at:
		line 995 in file "usb_device.c"
 Parameters:    Size  Location     Type
  ep              1    wreg     unsigned char 
  dir             1    0[BANK1 ] unsigned char 
  data            2    1[BANK1 ] PTR unsigned char 
		 -> cdc_data_tx(64), cdc_data_rx(64), NULL(0), 
  len             1    3[BANK1 ] unsigned char 
 Auto vars:     Size  Location     Type
  ep              1    4[BANK1 ] unsigned char 
  handle          2    5[BANK1 ] PTR volatile struct __BD
		 -> NULL(0), BDT(48), 
 Return value:  Size  Location     Type
                  2    0[BANK1 ] PTR void 
 Registers used:
		wreg, fsr2l, fsr2h, status,2, status,0, prodl, prodh
 Tracked objects:
		On entry : 
		On exit  : 
		Unchanged: 
 Data sizes:     COMRAM   BANK0   BANK1   BANK2   BANK3   BANK4   BANK5   BANK6   BANK7
      Params:         0       0       4       0       0       0       0       0       0
      Locals:         0       0       3       0       0       0       0       0       0
      Temps:          0       0       0       0       0       0       0       0       0
      Totals:         0       0       7       0       0       0       0       0       0
Total ram usage:        7 bytes
 Hardware stack levels used:    1
 Hardware stack levels required when called:   12
 This function calls:
		Nothing
 This function is called by:
		_getsUSBUSART
		_CDCTxService
		_USBCDCEventHandler
 This function uses a non-reentrant model


 *************** function _low_isr *****************
 Defined at:
		line 71 in file "main.c"
 Parameters:    Size  Location     Type
		None
 Auto vars:     Size  Location     Type
		None
 Return value:  Size  Location     Type
                  1    wreg      void 
 Registers used:
		None
 Tracked objects:
		On entry : 
		On exit  : 
		Unchanged: 
 Data sizes:     COMRAM   BANK0   BANK1   BANK2   BANK3   BANK4   BANK5   BANK6   BANK7
      Params:         0       0       0       0       0       0       0       0       0
      Locals:         0       0       0       0       0       0       0       0       0
      Temps:          0      17       0       0       0       0       0       0       0
      Totals:         0      17       0       0       0       0       0       0       0
Total ram usage:       17 bytes
 Hardware stack levels used:    1
 Hardware stack levels required when called:   11
 This function calls:
		Nothing
 This function is called by:
		Interrupt level 1
 This function uses a non-reentrant model


 *************** function _SYS_InterruptHigh *****************
 Defined at:
		line 77 in file "main.c"
 Parameters:    Size  Location     Type
		None
 Auto vars:     Size  Location     Type
		None
 Return value:  Size  Location     Type
                  1    wreg      void 
 Registers used:
		wreg, fsr1l, fsr1h, fsr2l, fsr2h, status,2, status,0, tblptrl, tblptrh, tblptru, prodl, prodh, cstack
 Tracked objects:
		On entry : 
		On exit  : 
		Unchanged: 
 Data sizes:     COMRAM   BANK0   BANK1   BANK2   BANK3   BANK4   BANK5   BANK6   BANK7
      Params:         0       0       0       0       0       0       0       0       0
      Locals:         0       0       0       0       0       0       0       0       0
      Temps:         14       0       0       0       0       0       0       0       0
      Totals:        14       0       0       0       0       0       0       0       0
Total ram usage:       14 bytes
 Hardware stack levels used:    1
 Hardware stack levels required when called:   10
 This function calls:
		_USBDeviceTasks
		i2_putUSBUSART
 This function is called by:
		Interrupt level 2
 This function uses a non-reentrant model


 *************** function i2_putUSBUSART *****************
 Defined at:
		line 512 in file "usb_device_cdc.c"
 Parameters:    Size  Location     Type
  data            2    0[COMRAM] PTR unsigned char 
		 -> writeBuffer(64), ad(3), 
  length          1    2[COMRAM] unsigned char 
 Auto vars:     Size  Location     Type
		None
 Return value:  Size  Location     Type
                  1    wreg      void 
 Registers used:
		wreg, status,2, status,0
 Tracked objects:
		On entry : 
		On exit  : 
		Unchanged: 
 Data sizes:     COMRAM   BANK0   BANK1   BANK2   BANK3   BANK4   BANK5   BANK6   BANK7
      Params:         3       0       0       0       0       0       0       0       0
      Locals:         0       0       0       0       0       0       0       0       0
      Temps:          0       0       0       0       0       0       0       0       0
      Totals:         3       0       0       0       0       0       0       0       0
Total ram usage:        3 bytes
 Hardware stack levels used:    1
 This function calls:
		Nothing
 This function is called by:
		_SYS_InterruptHigh
 This function uses a non-reentrant model


 *************** function _USBDeviceTasks *****************
 Defined at:
		line 489 in file "usb_device.c"
 Parameters:    Size  Location     Type
		None
 Auto vars:     Size  Location     Type
  i               1   29[COMRAM] unsigned char 
 Return value:  Size  Location     Type
                  1    wreg      void 
 Registers used:
		wreg, fsr1l, fsr1h, fsr2l, fsr2h, status,2, status,0, tblptrl, tblptrh, tblptru, prodl, prodh, cstack
 Tracked objects:
		On entry : 
		On exit  : 
		Unchanged: 
 Data sizes:     COMRAM   BANK0   BANK1   BANK2   BANK3   BANK4   BANK5   BANK6   BANK7
      Params:         0       0       0       0       0       0       0       0       0
      Locals:         1       0       0       0       0       0       0       0       0
      Temps:          0       0       0       0       0       0       0       0       0
      Totals:         1       0       0       0       0       0       0       0       0
Total ram usage:        1 bytes
 Hardware stack levels used:    1
 Hardware stack levels required when called:    9
 This function calls:
		_USBCtrlEPAllowStatusStage
		_USBCtrlEPService
		_USBStallHandler
		_USBSuspend
		_USBWakeFromSuspend
		_USER_USB_CALLBACK_EVENT_HANDLER
		i2_USBDeviceInit
 This function is called by:
		_SYS_InterruptHigh
 This function uses a non-reentrant model


 *************** function i2_USBDeviceInit *****************
 Defined at:
		line 298 in file "usb_device.c"
 Parameters:    Size  Location     Type
		None
 Auto vars:     Size  Location     Type
  USBDeviceIni    1    8[COMRAM] unsigned char 
 Return value:  Size  Location     Type
                  1    wreg      void 
 Registers used:
		wreg, fsr2l, fsr2h, status,2, status,0, prodl, prodh, cstack
 Tracked objects:
		On entry : 
		On exit  : 
		Unchanged: 
 Data sizes:     COMRAM   BANK0   BANK1   BANK2   BANK3   BANK4   BANK5   BANK6   BANK7
      Params:         0       0       0       0       0       0       0       0       0
      Locals:         1       0       0       0       0       0       0       0       0
      Temps:          0       0       0       0       0       0       0       0       0
      Totals:         1       0       0       0       0       0       0       0       0
Total ram usage:        1 bytes
 Hardware stack levels used:    1
 Hardware stack levels required when called:    1
 This function calls:
		i2_memset
 This function is called by:
		_USBDeviceTasks
 This function uses a non-reentrant model


 *************** function _USBWakeFromSuspend *****************
 Defined at:
		line 2302 in file "usb_device.c"
 Parameters:    Size  Location     Type
		None
 Auto vars:     Size  Location     Type
		None
 Return value:  Size  Location     Type
                  1    wreg      void 
 Registers used:
		wreg, fsr2l, fsr2h, status,2, status,0, prodl, prodh, cstack
 Tracked objects:
		On entry : 
		On exit  : 
		Unchanged: 
 Data sizes:     COMRAM   BANK0   BANK1   BANK2   BANK3   BANK4   BANK5   BANK6   BANK7
      Params:         0       0       0       0       0       0       0       0       0
      Locals:         0       0       0       0       0       0       0       0       0
      Temps:          0       0       0       0       0       0       0       0       0
      Totals:         0       0       0       0       0       0       0       0       0
Total ram usage:        0 bytes
 Hardware stack levels used:    1
 Hardware stack levels required when called:    5
 This function calls:
		_USER_USB_CALLBACK_EVENT_HANDLER
 This function is called by:
		_USBDeviceTasks
 This function uses a non-reentrant model


 *************** function _USBSuspend *****************
 Defined at:
		line 2245 in file "usb_device.c"
 Parameters:    Size  Location     Type
		None
 Auto vars:     Size  Location     Type
		None
 Return value:  Size  Location     Type
                  1    wreg      void 
 Registers used:
		wreg, fsr2l, fsr2h, status,2, status,0, prodl, prodh, cstack
 Tracked objects:
		On entry : 
		On exit  : 
		Unchanged: 
 Data sizes:     COMRAM   BANK0   BANK1   BANK2   BANK3   BANK4   BANK5   BANK6   BANK7
      Params:         0       0       0       0       0       0       0       0       0
      Locals:         0       0       0       0       0       0       0       0       0
      Temps:          0       0       0       0       0       0       0       0       0
      Totals:         0       0       0       0       0       0       0       0       0
Total ram usage:        0 bytes
 Hardware stack levels used:    1
 Hardware stack levels required when called:    5
 This function calls:
		_USER_USB_CALLBACK_EVENT_HANDLER
 This function is called by:
		_USBDeviceTasks
 This function uses a non-reentrant model


 *************** function _USBStallHandler *****************
 Defined at:
		line 2202 in file "usb_device.c"
 Parameters:    Size  Location     Type
		None
 Auto vars:     Size  Location     Type
		None
 Return value:  Size  Location     Type
                  1    wreg      void 
 Registers used:
		wreg, fsr2l, fsr2h, status,2, status,0
 Tracked objects:
		On entry : 
		On exit  : 
		Unchanged: 
 Data sizes:     COMRAM   BANK0   BANK1   BANK2   BANK3   BANK4   BANK5   BANK6   BANK7
      Params:         0       0       0       0       0       0       0       0       0
      Locals:         0       0       0       0       0       0       0       0       0
      Temps:          1       0       0       0       0       0       0       0       0
      Totals:         1       0       0       0       0       0       0       0       0
Total ram usage:        1 bytes
 Hardware stack levels used:    1
 This function calls:
		Nothing
 This function is called by:
		_USBDeviceTasks
 This function uses a non-reentrant model


 *************** function _USBCtrlEPService *****************
 Defined at:
		line 2369 in file "usb_device.c"
 Parameters:    Size  Location     Type
		None
 Auto vars:     Size  Location     Type
  setup_cnt       1   28[COMRAM] unsigned char 
 Return value:  Size  Location     Type
                  1    wreg      void 
 Registers used:
		wreg, fsr1l, fsr1h, fsr2l, fsr2h, status,2, status,0, tblptrl, tblptrh, tblptru, prodl, prodh, cstack
 Tracked objects:
		On entry : 
		On exit  : 
		Unchanged: 
 Data sizes:     COMRAM   BANK0   BANK1   BANK2   BANK3   BANK4   BANK5   BANK6   BANK7
      Params:         0       0       0       0       0       0       0       0       0
      Locals:         1       0       0       0       0       0       0       0       0
      Temps:          2       0       0       0       0       0       0       0       0
      Totals:         3       0       0       0       0       0       0       0       0
Total ram usage:        3 bytes
 Hardware stack levels used:    1
 Hardware stack levels required when called:    8
 This function calls:
		_USBCtrlTrfInHandler
		_USBCtrlTrfOutHandler
		_USBCtrlTrfSetupHandler
 This function is called by:
		_USBDeviceTasks
 This function uses a non-reentrant model


 *************** function _USBCtrlTrfSetupHandler *****************
 Defined at:
		line 2469 in file "usb_device.c"
 Parameters:    Size  Location     Type
		None
 Auto vars:     Size  Location     Type
		None
 Return value:  Size  Location     Type
                  1    wreg      void 
 Registers used:
		wreg, fsr1l, fsr1h, fsr2l, fsr2h, status,2, status,0, tblptrl, tblptrh, tblptru, prodl, prodh, cstack
 Tracked objects:
		On entry : 
		On exit  : 
		Unchanged: 
 Data sizes:     COMRAM   BANK0   BANK1   BANK2   BANK3   BANK4   BANK5   BANK6   BANK7
      Params:         0       0       0       0       0       0       0       0       0
      Locals:         0       0       0       0       0       0       0       0       0
      Temps:          0       0       0       0       0       0       0       0       0
      Totals:         0       0       0       0       0       0       0       0       0
Total ram usage:        0 bytes
 Hardware stack levels used:    1
 Hardware stack levels required when called:    7
 This function calls:
		_USBCheckStdRequest
		_USBCtrlEPServiceComplete
		_USER_USB_CALLBACK_EVENT_HANDLER
 This function is called by:
		_USBCtrlEPService
 This function uses a non-reentrant model


 *************** function _USBCtrlEPServiceComplete *****************
 Defined at:
		line 1616 in file "usb_device.c"
 Parameters:    Size  Location     Type
		None
 Auto vars:     Size  Location     Type
		None
 Return value:  Size  Location     Type
                  1    wreg      void 
 Registers used:
		wreg, fsr1l, fsr1h, fsr2l, fsr2h, status,2, status,0, tblptrl, tblptrh, tblptru, cstack
 Tracked objects:
		On entry : 
		On exit  : 
		Unchanged: 
 Data sizes:     COMRAM   BANK0   BANK1   BANK2   BANK3   BANK4   BANK5   BANK6   BANK7
      Params:         0       0       0       0       0       0       0       0       0
      Locals:         0       0       0       0       0       0       0       0       0
      Temps:          0       0       0       0       0       0       0       0       0
      Totals:         0       0       0       0       0       0       0       0       0
Total ram usage:        0 bytes
 Hardware stack levels used:    1
 Hardware stack levels required when called:    2
 This function calls:
		_USBCtrlEPAllowDataStage
		_USBCtrlEPAllowStatusStage
 This function is called by:
		_USBCtrlTrfSetupHandler
 This function uses a non-reentrant model


 *************** function _USBCtrlEPAllowDataStage *****************
 Defined at:
		line 1488 in file "usb_device.c"
 Parameters:    Size  Location     Type
		None
 Auto vars:     Size  Location     Type
		None
 Return value:  Size  Location     Type
                  1    wreg      void 
 Registers used:
		wreg, fsr1l, fsr1h, fsr2l, fsr2h, status,2, status,0, tblptrl, tblptrh, tblptru, cstack
 Tracked objects:
		On entry : 
		On exit  : 
		Unchanged: 
 Data sizes:     COMRAM   BANK0   BANK1   BANK2   BANK3   BANK4   BANK5   BANK6   BANK7
      Params:         0       0       0       0       0       0       0       0       0
      Locals:         0       0       0       0       0       0       0       0       0
      Temps:          0       0       0       0       0       0       0       0       0
      Totals:         0       0       0       0       0       0       0       0       0
Total ram usage:        0 bytes
 Hardware stack levels used:    1
[...]
 This function calls:
		_APP_DeviceCDCBasicDemoInitialize
		_APP_LEDUpdateUSBStatus
		_USBCheckCDCRequest
 This function is called by:
		_USBDeviceTasks
		_USBStdSetCfgHandler
		_USBSuspend
		_USBWakeFromSuspend
		_USBCtrlTrfSetupHandler
		_USBCheckStdRequest
		_USBStdFeatureReqHandler
 This function uses a non-reentrant model


 *************** function _USBCheckCDCRequest *****************
 Defined at:
		line 103 in file "usb_device_cdc.c"
 Parameters:    Size  Location     Type
		None
 Auto vars:     Size  Location     Type
		None
 Return value:  Size  Location     Type
                  1    wreg      void 
 Registers used:
		wreg, status,2, status,0
 Tracked objects:
		On entry : 
		On exit  : 
		Unchanged: 
 Data sizes:     COMRAM   BANK0   BANK1   BANK2   BANK3   BANK4   BANK5   BANK6   BANK7
      Params:         0       0       0       0       0       0       0       0       0
      Locals:         0       0       0       0       0       0       0       0       0
      Temps:          0       0       0       0       0       0       0       0       0
      Totals:         0       0       0       0       0       0       0       0       0
Total ram usage:        0 bytes
 Hardware stack levels used:    1
 This function calls:
		Nothing
 This function is called by:
		_USER_USB_CALLBACK_EVENT_HANDLER
 This function uses a non-reentrant model


 *************** function _APP_LEDUpdateUSBStatus *****************
 Defined at:
		line 75 in file "app_led_usb_status.c"
 Parameters:    Size  Location     Type
		None
 Auto vars:     Size  Location     Type
		None
 Return value:  Size  Location     Type
                  1    wreg      void 
 Registers used:
		wreg, status,2, status,0, cstack
 Tracked objects:
		On entry : 
		On exit  : 
		Unchanged: 
 Data sizes:     COMRAM   BANK0   BANK1   BANK2   BANK3   BANK4   BANK5   BANK6   BANK7
      Params:         0       0       0       0       0       0       0       0       0
      Locals:         0       0       0       0       0       0       0       0       0
      Temps:          0       0       0       0       0       0       0       0       0
      Totals:         0       0       0       0       0       0       0       0       0
Total ram usage:        0 bytes
 Hardware stack levels used:    1
 Hardware stack levels required when called:    1
 This function calls:
		_LED_Off
		_LED_On
 This function is called by:
		_USER_USB_CALLBACK_EVENT_HANDLER
 This function uses a non-reentrant model


 *************** function _LED_On *****************
 Defined at:
		line 96 in file "leds.c"
 Parameters:    Size  Location     Type
  led             1    wreg     enum E2
 Auto vars:     Size  Location     Type
  led             1    0[COMRAM] enum E2
 Return value:  Size  Location     Type
                  1    wreg      void 
 Registers used:
		wreg, status,2, status,0
 Tracked objects:
		On entry : 
		On exit  : 
		Unchanged: 
 Data sizes:     COMRAM   BANK0   BANK1   BANK2   BANK3   BANK4   BANK5   BANK6   BANK7
      Params:         0       0       0       0       0       0       0       0       0
      Locals:         1       0       0       0       0       0       0       0       0
      Temps:          0       0       0       0       0       0       0       0       0
      Totals:         1       0       0       0       0       0       0       0       0
Total ram usage:        1 bytes
 Hardware stack levels used:    1
 This function calls:
		Nothing
 This function is called by:
		_APP_LEDUpdateUSBStatus
 This function uses a non-reentrant model


 *************** function _LED_Off *****************
 Defined at:
		line 137 in file "leds.c"
 Parameters:    Size  Location     Type
  led             1    wreg     enum E2
 Auto vars:     Size  Location     Type
  led             1    0[COMRAM] enum E2
 Return value:  Size  Location     Type
                  1    wreg      void 
 Registers used:
		wreg, status,2, status,0
 Tracked objects:
		On entry : 
		On exit  : 
		Unchanged: 
 Data sizes:     COMRAM   BANK0   BANK1   BANK2   BANK3   BANK4   BANK5   BANK6   BANK7
      Params:         0       0       0       0       0       0       0       0       0
      Locals:         1       0       0       0       0       0       0       0       0
      Temps:          0       0       0       0       0       0       0       0       0
      Totals:         1       0       0       0       0       0       0       0       0
Total ram usage:        1 bytes
 Hardware stack levels used:    1
 This function calls:
		Nothing
 This function is called by:
		_APP_LEDUpdateUSBStatus
 This function uses a non-reentrant model


 *************** function _APP_DeviceCDCBasicDemoInitialize *****************
 Defined at:
		line 203 in file "main.c"
 Parameters:    Size  Location     Type
		None
 Auto vars:     Size  Location     Type
		None
 Return value:  Size  Location     Type
                  1    wreg      void 
 Registers used:
		wreg, fsr2l, fsr2h, status,2, status,0, prodl, prodh, cstack
 Tracked objects:
		On entry : 
		On exit  : 
		Unchanged: 
 Data sizes:     COMRAM   BANK0   BANK1   BANK2   BANK3   BANK4   BANK5   BANK6   BANK7
      Params:         0       0       0       0       0       0       0       0       0
      Locals:         0       0       0       0       0       0       0       0       0
      Temps:          0       0       0       0       0       0       0       0       0
      Totals:         0       0       0       0       0       0       0       0       0
Total ram usage:        0 bytes
 Hardware stack levels used:    1
 Hardware stack levels required when called:    3
 This function calls:
		_CDCInitEP
 This function is called by:
		_USER_USB_CALLBACK_EVENT_HANDLER
 This function uses a non-reentrant model


 *************** function _CDCInitEP *****************
 Defined at:
		line 250 in file "usb_device_cdc.c"
 Parameters:    Size  Location     Type
		None
 Auto vars:     Size  Location     Type
		None
 Return value:  Size  Location     Type
                  1    wreg      void 
 Registers used:
		wreg, fsr2l, fsr2h, status,2, status,0, prodl, prodh, cstack
 Tracked objects:
		On entry : 
		On exit  : 
		Unchanged: 
 Data sizes:     COMRAM   BANK0   BANK1   BANK2   BANK3   BANK4   BANK5   BANK6   BANK7
      Params:         0       0       0       0       0       0       0       0       0
      Locals:         0       0       0       0       0       0       0       0       0
      Temps:          0       0       0       0       0       0       0       0       0
      Totals:         0       0       0       0       0       0       0       0       0
Total ram usage:        0 bytes
 Hardware stack levels used:    1
 Hardware stack levels required when called:    2
 This function calls:
		_USBEnableEndpoint
		i2_USBTransferOnePacket
 This function is called by:
		_APP_DeviceCDCBasicDemoInitialize
 This function uses a non-reentrant model


 *************** function i2_USBTransferOnePacket *****************
 Defined at:
		line 995 in file "usb_device.c"
 Parameters:    Size  Location     Type
  ep              1    wreg     unsigned char 
  dir             1    0[COMRAM] unsigned char 
  data            2    1[COMRAM] PTR unsigned char 
		 -> cdc_data_tx(64), cdc_data_rx(64), NULL(0), 
  len             1    3[COMRAM] unsigned char 
 Auto vars:     Size  Location     Type
  ep              1    4[COMRAM] unsigned char 
  USBTransferO    2    5[COMRAM] PTR volatile struct __BD
		 -> NULL(0), BDT(48), 
 Return value:  Size  Location     Type
                  2    0[COMRAM] PTR void 
 Registers used:
		wreg, fsr2l, fsr2h, status,2, status,0, prodl, prodh
 Tracked objects:
		On entry : 
		On exit  : 
		Unchanged: 
 Data sizes:     COMRAM   BANK0   BANK1   BANK2   BANK3   BANK4   BANK5   BANK6   BANK7
      Params:         4       0       0       0       0       0       0       0       0
      Locals:         3       0       0       0       0       0       0       0       0
      Temps:          0       0       0       0       0       0       0       0       0
      Totals:         7       0       0       0       0       0       0       0       0
Total ram usage:        7 bytes
 Hardware stack levels used:    1
 This function calls:
		Nothing
 This function is called by:
		_CDCInitEP
 This function uses a non-reentrant model


 *************** function _USBEnableEndpoint *****************
 Defined at:
		line 878 in file "usb_device.c"
 Parameters:    Size  Location     Type
  ep              1    wreg     unsigned char 
  options         1    8[COMRAM] unsigned char 
 Auto vars:     Size  Location     Type
  ep              1   11[COMRAM] unsigned char 
  p               2    9[COMRAM] PTR unsigned char 
		 -> UEP0(1), 
 Return value:  Size  Location     Type
                  1    wreg      void 
 Registers used:
		wreg, fsr2l, fsr2h, status,2, status,0, prodl, prodh, cstack
 Tracked objects:
		On entry : 
		On exit  : 
		Unchanged: 
 Data sizes:     COMRAM   BANK0   BANK1   BANK2   BANK3   BANK4   BANK5   BANK6   BANK7
      Params:         1       0       0       0       0       0       0       0       0
      Locals:         3       0       0       0       0       0       0       0       0
      Temps:          0       0       0       0       0       0       0       0       0
      Totals:         4       0       0       0       0       0       0       0       0
Total ram usage:        4 bytes
 Hardware stack levels used:    1
 Hardware stack levels required when called:    1
 This function calls:
		_USBConfigureEndpoint
 This function is called by:
		_CDCInitEP
 This function uses a non-reentrant model


 *************** function _USBConfigureEndpoint *****************
 Defined at:
		line 1543 in file "usb_device.c"
 Parameters:    Size  Location     Type
  EPNum           1    wreg     unsigned char 
  direction       1    0[COMRAM] unsigned char 
 Auto vars:     Size  Location     Type
  EPNum           1    5[COMRAM] unsigned char 
  handle          2    6[COMRAM] PTR volatile struct __BD
		 -> BDT(48), 
 Return value:  Size  Location     Type
                  1    wreg      void 
 Registers used:
		wreg, fsr2l, fsr2h, status,2, status,0, prodl, prodh
 Tracked objects:
		On entry : 
		On exit  : 
		Unchanged: 
 Data sizes:     COMRAM   BANK0   BANK1   BANK2   BANK3   BANK4   BANK5   BANK6   BANK7
      Params:         1       0       0       0       0       0       0       0       0
      Locals:         3       0       0       0       0       0       0       0       0
      Temps:          4       0       0       0       0       0       0       0       0
      Totals:         8       0       0       0       0       0       0       0       0
Total ram usage:        8 bytes
 Hardware stack levels used:    1
 This function calls:
		Nothing
 This function is called by:
		_USBEnableEndpoint
 This function uses a non-reentrant model


 *************** function _USBCtrlTrfOutHandler *****************
 Defined at:
		line 2541 in file "usb_device.c"
 Parameters:    Size  Location     Type
		None
 Auto vars:     Size  Location     Type
		None
 Return value:  Size  Location     Type
                  1    wreg      void 
 Registers used:
		wreg, fsr1l, fsr1h, fsr2l, fsr2h, status,2, status,0, prodl, prodh, cstack
 Tracked objects:
		On entry : 
		On exit  : 
		Unchanged: 
 Data sizes:     COMRAM   BANK0   BANK1   BANK2   BANK3   BANK4   BANK5   BANK6   BANK7
      Params:         0       0       0       0       0       0       0       0       0
      Locals:         0       0       0       0       0       0       0       0       0
      Temps:          0       0       0       0       0       0       0       0       0
      Totals:         0       0       0       0       0       0       0       0       0
Total ram usage:        0 bytes
 Hardware stack levels used:    1
 Hardware stack levels required when called:    2
 This function calls:
		_USBCtrlTrfRxService
 This function is called by:
		_USBCtrlEPService
 This function uses a non-reentrant model


 *************** function _USBCtrlTrfRxService *****************
 Defined at:
		line 1852 in file "usb_device.c"
 Parameters:    Size  Location     Type
		None
 Auto vars:     Size  Location     Type
  byteToRead      1    1[COMRAM] unsigned char 
  i               1    0[COMRAM] unsigned char 
 Return value:  Size  Location     Type
                  1    wreg      void 
 Registers used:
		wreg, fsr1l, fsr1h, fsr2l, fsr2h, status,2, status,0, prodl, prodh, cstack
 Tracked objects:
		On entry : 
		On exit  : 
		Unchanged: 
 Data sizes:     COMRAM   BANK0   BANK1   BANK2   BANK3   BANK4   BANK5   BANK6   BANK7
      Params:         0       0       0       0       0       0       0       0       0
      Locals:         2       0       0       0       0       0       0       0       0
      Temps:          0       0       0       0       0       0       0       0       0
      Totals:         2       0       0       0       0       0       0       0       0
Total ram usage:        2 bytes
 Hardware stack levels used:    1
 Hardware stack levels required when called:    1
 This function calls:
		_USBCtrlEPAllowStatusStage
 This function is called by:
		_USBCtrlTrfOutHandler
 This function uses a non-reentrant model


 *************** function _USBCtrlEPAllowStatusStage *****************
 Defined at:
		line 1416 in file "usb_device.c"
 Parameters:    Size  Location     Type
		None
 Auto vars:     Size  Location     Type
		None
 Return value:  Size  Location     Type
                  1    wreg      void 
 Registers used:
		wreg, fsr2l, fsr2h, status,2, status,0
 Tracked objects:
		On entry : 
		On exit  : 
		Unchanged: 
 Data sizes:     COMRAM   BANK0   BANK1   BANK2   BANK3   BANK4   BANK5   BANK6   BANK7
      Params:         0       0       0       0       0       0       0       0       0
      Locals:         0       0       0       0       0       0       0       0       0
      Temps:          0       0       0       0       0       0       0       0       0
      Totals:         0       0       0       0       0       0       0       0       0
Total ram usage:        0 bytes
 Hardware stack levels used:    1
 This function calls:
		Nothing
 This function is called by:
		_USBDeviceTasks
		_USBCtrlEPServiceComplete
		_USBCtrlTrfRxService
 This function uses a non-reentrant model


 *************** function _USBCtrlTrfInHandler *****************
 Defined at:
		line 2595 in file "usb_device.c"
 Parameters:    Size  Location     Type
		None
 Auto vars:     Size  Location     Type
  lastDTS         1    1[COMRAM] unsigned char 
 Return value:  Size  Location     Type
                  1    wreg      void 
 Registers used:
		wreg, fsr1l, fsr1h, fsr2l, fsr2h, status,2, status,0, tblptrl, tblptrh, tblptru, cstack
 Tracked objects:
		On entry : 
		On exit  : 
		Unchanged: 
 Data sizes:     COMRAM   BANK0   BANK1   BANK2   BANK3   BANK4   BANK5   BANK6   BANK7
      Params:         0       0       0       0       0       0       0       0       0
      Locals:         1       0       0       0       0       0       0       0       0
      Temps:          0       0       0       0       0       0       0       0       0
      Totals:         1       0       0       0       0       0       0       0       0
Total ram usage:        1 bytes
 Hardware stack levels used:    1
 Hardware stack levels required when called:    1
 This function calls:
		_USBCtrlTrfTxService
 This function is called by:
		_USBCtrlEPService
 This function uses a non-reentrant model


 *************** function _USBCtrlTrfTxService *****************
 Defined at:
		line 1771 in file "usb_device.c"
 Parameters:    Size  Location     Type
		None
 Auto vars:     Size  Location     Type
  byteToSend      1    0[COMRAM] unsigned char 
 Return value:  Size  Location     Type
                  1    wreg      void 
 Registers used:
		wreg, fsr1l, fsr1h, fsr2l, fsr2h, status,2, status,0, tblptrl, tblptrh, tblptru
 Tracked objects:
		On entry : 
		On exit  : 
		Unchanged: 
 Data sizes:     COMRAM   BANK0   BANK1   BANK2   BANK3   BANK4   BANK5   BANK6   BANK7
      Params:         0       0       0       0       0       0       0       0       0
      Locals:         1       0       0       0       0       0       0       0       0
      Temps:          0       0       0       0       0       0       0       0       0
      Totals:         1       0       0       0       0       0       0       0       0
Total ram usage:        1 bytes
 Hardware stack levels used:    1
 This function calls:
		Nothing
 This function is called by:
		_USBCtrlEPAllowDataStage
		_USBCtrlTrfInHandler
 This function uses a non-reentrant model



MODULE INFORMATION

Module		Function		Class		Link	Load	Size
C:\Program Files (x86)\Microchip\xc8\v1.36\sources\common\memset.c
		_memset        		CODE           	2C04	0000	53

C:\Program Files (x86)\Microchip\xc8\v1.36\sources\common\memset.c estimated size: 53

app_led_usb_status.c
		_APP_LEDUpdateUSBStatus		CODE           	2998	0000	129

app_led_usb_status.c estimated size: 129

shared
		_configDescriptor1		SMALLCONST     	1109	0000	68
		_USB_CD_Ptr    		SMALLCONST     	1107	0000	3
		_sd001         		SMALLCONST     	114C	0000	53
		_sd002         		SMALLCONST     	1180	0000	53
		i2_USBDeviceInit		CODE           	19C4	0000	311
		__initialization		CODE           	2C38	0000	37
		_device_dsc    		SMALLCONST     	11B4	0000	19
		_USB_SD_Ptr    		SMALLCONST     	1101	0000	7
		i2_memset      		CODE           	2CFA	0000	45
		_sd000         		SMALLCONST     	11C6	0000	5
		i2_USBTransferOnePacket		CODE           	267A	0000	187
		i2_putUSBUSART 		CODE           	2D9A	0000	39

shared estimated size: 827

leds.c
		_LED_Off       		CODE           	2E04	0000	35
		_LED_On        		CODE           	2DE2	0000	35
		_LED_Enable    		CODE           	2D4E	0000	39

leds.c estimated size: 109

usb_device_cdc.c
		_CDCTxService  		CODE           	1450	0000	393
		_CDCInitEP     		CODE           	2A8A	0000	105
		_putUSBUSART   		CODE           	2D74	0000	39
		_getsUSBUSART  		CODE           	1F24	0000	235
		_USBCheckCDCRequest		CODE           	229C	0000	209

usb_device_cdc.c estimated size: 981

usb_device.c
		_USBCtrlTrfInHandler		CODE           	24FE	0000	195
		_USBTransferOnePacket		CODE           	20F0	0000	217
		_USBDeviceAttach		CODE           	2C9C	0000	49
		_USBStdGetDscHandler		CODE           	1888	0000	317
		_USBCtrlEPAllowDataStage		CODE           	27D8	0000	159
		_USBStdFeatureReqHandler		CODE           	11CC	0000	645
		_USBCtrlEPAllowStatusStage		CODE           	243A	0000	197
		_USBCtrlTrfSetupHandler		CODE           	290A	0000	143
		_USBCtrlTrfOutHandler		CODE           	2AF2	0000	93
		_USBCtrlEPServiceComplete		CODE           	1D3E	0000	245
		_USBSuspend    		CODE           	2D26	0000	41
		_USBStdSetCfgHandler		CODE           	200E	0000	227
		_USBStdGetStatusHandler		CODE           	25C0	0000	187
		_USBWakeFromSuspend		CODE           	2CCC	0000	47
		_USBCtrlTrfRxService		CODE           	1C26	0000	281
		_USBCtrlTrfTxService		CODE           	21C8	0000	213
		_USBEnableEndpoint		CODE           	2B90	0000	61
		_USBConfigureEndpoint		CODE           	2876	0000	149
		_USBDeviceInit 		CODE           	1734	0000	341
		_USBCtrlEPService		CODE           	236C	0000	207
		_USBStallHandler		CODE           	2B4E	0000	67
		_USBDeviceTasks		CODE           	1AFA	0000	301
		_USBCheckStdRequest		CODE           	1E32	0000	243

usb_device.c estimated size: 4625

main.c
		_SYS_InterruptHigh		CODE           	1008	0000	179
		_UserInit      		CODE           	2BCC	0000	57
		_main          		CODE           	2C6A	0000	51
		_USER_USB_CALLBACK_EVENT_HANDLER		CODE           	2A18	0000	115
		_APP_DeviceCDCBasicDemoTasks		CODE           	15D8	0000	349
		_APP_DeviceCDCBasicDemoInitialize		CODE           	2E26	0000	35
		_low_isr       		CODE           	1018	0000	143

main.c estimated size: 929

system.c
		_SYSTEM_Initialize		CODE           	2DC0	0000	35

system.c estimated size: 35

